---
source: src/ui/frames.rs
expression: "render(&mut app, 60, 12)"
---
┌═ First Guild ═───┐┌═ chat ═──────────────────────────────┐
│  messages  close ││          search  pins  zen  settings │
│# rules           ││                                      │
│▾ TEXT CHANNELS   ││                                      │
│  # general (2)   ││           choose a channel           │
│  > about the depl││                                      │
│  # random        │└──────────────────────────────────────┘
│  ! announcements │┌═ compose ═───────────────────────────┐
│▾ ARCHIVE         ││                   attach  emoji  gif │
│  # old-decisions ││open a channel to write in it         │
└──────────────────┘└──────────────────────────────────────┘
? help                    chat  7 unread · @3  ▲ online  off
