---
source: src/ui/frames.rs
expression: "render(&mut app, 100, 30)"
---
╔═ S T A R / C O R D ════════════════════════════════════════════════════════════════════ servers ═╗
║                                                                                   ‹  ›  settings ║
║• First Guild (2)                                                                                 ║
╚══════════════════════════════════════════════════════════════════════════════════════════════════╝
╔═ CHANNELS — First Guild ═════════════════════════════════════════════════════════════════════════╗
║                                                                                         settings ║
║# general (2)                                                                                     ║
╚══════════════════════════════════════════════════════════════════════════════════════════════════╝
╔═ CONVERSATION — #general · First Guild ══════════════════════════════════════════════════════════╗
║                                                                           search  pins  settings ║
║  the picture I took   ╔═ message ════════════════════════════════════════╗                       ║
║  [image 1024x768 harbo║what can be done                                  ║                       ║
║  Jordan  09:15        ║ reply  r                                         ║                       ║
║  https://example.inval║ reply, no ping  R                                ║                       ║
║  │ A page title       ║ react  +                                         ║                       ║
║  │ Two sentences of de║ copy the text  y                                 ║                       ║
║  │ second is there so ║ open elsewhere  o                                ║                       ║
║  Alex  09:20          ║ copy a link  ctrl+y                              ║                       █
║  https://tenor.invalid║                                                  ║                       █
║  [gif ▶ a cat, falling╚════════════════════════ enter change · esc close ╝                       █
╚══════════════════════════════════════════════════════════════════════════════════════════════════╝
╔═ COMPOSE ════════════════════════════════════════════════════════════════════════════════════════╗
║                                                                               attach  emoji  gif ║
║message #general · First Guild                                                                    ║
╚══════════════════════════════════════════════════════════════════════════════════════════════════╝
╔═ MEMBERS ════════════════════════════════════════════════════════════════════════════════════════╗
║                                                                                         settings ║
║2 online · 1 idle · 1 offline                                                                     ║
╚══════════════════════════════════════════════════════════════════════════════════════════════════╝
? help  #general · First Guild                                    chat  7 unread · @3  ▲ online  off
