---
source: src/ui/frames.rs
expression: "render(&mut app, 100, 30)"
---
┌──────┐┌═ First Guild ═─────────┐┌═ #general · First Guild ═──────────────┐┌═ members ═───────────┐
│      ││        settings  close ││            search  pins  zen  settings ││      settings  close │
│@    1││# rules                 ││───────────── new messages ─────────────││REGULARS — 2          │
│FG   2││▾ TEXT CHANNELS         ││ ╭ ↩ @Alex: the first thing anybody sa… ││● Alex                │
│SG   •││  # general (╔═ emoji ══════════════════════════════════════════════╗ Jo                  │
│··    ││  > about the║› pe                                                  ║NLINE — 1            │
│      ││  # random   ║                                                      ║ Sam                 │
│      ││  ! announcem║pe  🖊️   🍐   🇵🇪   🍑   🍇   🔁   🎬   🫛   🦚   🥜   ✏️   🐧     ║FFLINE — 1           │
│      ││▾ ARCHIVE    ║😔   🔈   🎺   ✉️   🏙️   🧜   📰   🙆   📎   😣   🚤   🦸   🔭     ║ Robin               │
│      ││  # old-decis║🇨🇻   🇬🇵   🌶️   🔬   👐   😮   🖇️   🧫   🔂   🫑   🧏   📢   🧑‍🦲     ║                     │
│      ││             ║🩺   🖋️   ☮️   🧧   🧖   🦹   🪚   ☂️   🧻   🙊   🗣️   🦸‍♂️   🧔     ║                     │
│      ││             ║🗞️   🚷   🫂   🤺   💬   🏰   🙍   🤾   🤹   🧎   🎭   🧑‍🦰   🫄     ║                     │
│      ││             ║🧍   🦸‍♀️   ↖️   📂   🤵   👰   🦹‍♂️   ↗️   🇨🇵   👁️‍🗨️   📨   🔏   🧑‍🦱     ║                     │
│      ││             ║🧑‍🦳   🫅   🇸🇹   🤐   🗨️   👳   🦹‍♀️   🚟   👱   📩   🧑‍🍼   💁   ⛹️     ║                     │
│      ││             ║🏤   🧑‍🤝‍🧑   🫣   🧑‍🦯   🧑‍🦽   🧑‍🦼   💠   🫢                         ║                     │
│      ││             ║                                                      ║                     │
│      │└─────────────║                                                      ║                     │
│      │┌═ messages ═─║                                                      ║                     │
│      ││         frie║                                                      ║                     │
│      ││○ Wren of the║                                                      ║                     │
│      ││○ Alex, Jorda║:pepe:                                                ║                     │
│      ││● Alex (1)   ╚══════════════ enter insert · ctrl+g GIFs · esc close ╝                     │
│      ││                        ││  5                                     ▐│                      │
│      ││                        ││  [gif ▶ a cat, falling over]           ▐│                      │
│      ││                        │└────────────────────────────────────────┘│                      │
│      ││                        │┌═ compose ═─────────────────────────────┐│                      │
│      ││                        ││                     attach  emoji  gif ││                      │
│      ││                        ││                                        ││                      │
└──────┘└────────────────────────┘└────────────────────────────────────────┘└──────────────────────┘
? help  #general · First Guild                                 compose  7 unread · @3  ▲ online  off
