---
source: src/ui/frames.rs
expression: "render(&mut app, 100, 30)"
---
╔═ servers ════════════════════════════════════════════════════════════════════════════════════════╗
║                                                                                         settings ║
║• First Guild (╔═ a GIF ══════════════════════════════════════════════════════════╗               ║
╚═══════════════║›                                                                 ║═══════════════╝
╔═ channels · Fi║                                                                  ║═══════════════╗
║               ║░░░░░░░░░░░ ░░░░░░░░░░░ ░░░░░░░░░░░                               ║      settings ║
║# general (2)  ║░░░░░░░░░░░ ░░░░░░░░░░░ ░░░░░░░░░░░                               ║               ║
╚═══════════════║░░░░░░░░░░░ ░░░░░░░░░░░ ░░░░░░░░░░░                               ║═══════════════╝
╔═ #general · Fi║░░░░░░░░░░░ ░░░░░░░░░░░ ░░░░░░░░░░░                               ║═══════════════╗
║               ║░░░░░░░░░░░ ░░░░░░░░░░░ ░░░░░░░░░░░                               ║pins  settings ║
║  the picture I║░░░░░░░░░░░ ░░░░░░░░░░░ ░░░░░░░░░░░                               ║               ║
║  [image 1024x7║a cat, wavi a wave      a party                                   ║               ║
║  Jordan  09:15║                                                                  ║               ║
║  https://examp║                                                                  ║               ║
║  │ A page titl║                                                                  ║               ║
║  │ Two sentenc║                                                                  ║               ║
║  │ second is t║                                                                  ║               ║
║  Alex  09:20  ║                                                                  ║               █
║  https://tenor║                                                                  ║               █
║  [gif ▶ a cat,║                                                                  ║               █
╚═══════════════║                                                                  ║═══════════════╝
╔═ compose ═════║                                                                  ║═══════════════╗
║               ║                                                                  ║ch  emoji  gif ║
║               ║                                                                  ║               ║
╚═══════════════║                                                                  ║═══════════════╝
╔═ members ═════╚═══════════════════════════════════════ enter send it · esc close ╝═══════════════╗
║                                                                                         settings ║
║2 online · 1 idle · 1 offline                                                                     ║
╚══════════════════════════════════════════════════════════════════════════════════════════════════╝
? help  #general · First Guild                                 compose  7 unread · @3  ▲ online  off
