---
source: src/ui/frames.rs
expression: "render(&mut app, 100, 30)"
---
┌═ servers ═───────────────────────────────────────────────────────────────────────────────────────┐
│                                                                                         settings │
│• First Guild (2)                                                                                 │
└──────────────────────────────────────────────────────────────────────────────────────────────────┘
┌═ channels · First Guild ═────────────────────────────────────────────────────────────────────────┐
│                                                                                         settings │
│# general (2)                                                                                     │
└──────────────────────────────────────────────────────────────────────────────────────────────────┘
┌═ #general · First Guild ═────────────────────────────────────────────────────────────────────────┐
│                                                                           search  pins  settings │
│  [image 1024x768 harbour.png]                                                                    │
│  Jordan  09:15                                                                                   │
│  https://example.invalid/page                                                                    │
│  │ A page title                                                                                  │
│  │ Two sentences of description, as a link unfurl carries. The                                   │
│  │ second is there so the wrapping has something to do.                                          │
│  Alex  09:20                                                                                     │
│  https://tenor.invalid/view/a-cat-12345                                                          ▐
│  [gif ▶ a cat, falling over]                                                                     ▐
└──────────────────────────────────────────────────────────────────────────────────────────────────┘
┌═ compose ═───────────────────────────────────────────────────────────────────────────────────────┐
│                                                                               attach  emoji  gif │
│hello @al                                                                                         │
│@ Alex                                                                                            │
└──────────────────────────────────────────────────────────────────────────────────────────────────┘
┌═ members ═───────────────────────────────────────────────────────────────────────────────────────┐
│                                                                                         settings │
│2 online · 1 idle · 1 offline                                                                     │
└──────────────────────────────────────────────────────────────────────────────────────────────────┘
? help  #general · First Guild                                 compose  7 unread · @3  ▲ online  off
