---
source: src/ui/frames.rs
expression: "render(&mut app, 100, 30)"
---
╔═ servers ════════════════════════════════════════════════════════════════════════════════════════╗
║                                                                                         settings ║
║• First Guild (2)                                                                                 ║
╚══════════════════════════════════════════════════════════════════════════════════════════════════╝
╔═ channels · First Guild ═════════════════════════════════════════════════════════════════════════╗
║                                                                                         settings ║
║# general (2)                                                                                     ║
╚══════════════════════════════════════════════════════════════════════════════════════════════════╝
╔═ #general · First Guild ═════════════════════════════════════════════════════════════════════════╗
║                                                                           search  pins  settings ║
║  the picture I took   ╔═ settings ═══════════════════════════════════════╗                       ║
║  [image 1024x768 harbo║conversation                                      ║                       ║
║  Jordan  09:15        ║ theme                                   terminal ║                       ║
║  https://example.inval║ timestamps                                 short ║                       ║
║  │ A page title       ║ avatars                                       on ║                       ║
║  │ Two sentences of de║ animate pictures                         focused ║                       ║
║  │ second is there so ║ send with                                  enter ║                       ║
║▕ Alex  09:20          ║ voice channels                               off ║                       █
║▕ https://tenor.invalid║                                                  ║                       █
║▕ [gif ▶ a cat, falling╚════════════════════════ enter change · esc close ╝                       █
╚══════════════════════════════════════════════════════════════════════════════════════════════════╝
╔═ compose ════════════════════════════════════════════════════════════════════════════════════════╗
║                                                                               attach  emoji  gif ║
║message #general · First Guild                                                                    ║
╚══════════════════════════════════════════════════════════════════════════════════════════════════╝
╔═ members ════════════════════════════════════════════════════════════════════════════════════════╗
║                                                                                         settings ║
║2 online · 1 idle · 1 offline                                                                     ║
╚══════════════════════════════════════════════════════════════════════════════════════════════════╝
? help  #general · First Guild                                    chat  7 unread · @3  ▲ online  off
