---
source: src/ui/frames.rs
expression: "render(&mut app, 100, 30)"
---
╔═ S T A R / C O R D ════════════════════════════════════════════════════════════════════ servers ═╗
║                                                                                   ‹  ›  settings ║
║• First Guild (2)                                                                                 ║
╚══════════════════════════════════════════════════════════════════════════════════════════════════╝
╔═ CHANNELS — First Gu╔═ emoji ══════════════════════════════════════════════╗═════════════════════╗
║                     ║› pe                                                  ║            settings ║
║# general (2)        ║                                                      ║                     ║
╚═════════════════════║pe  🖊️   🍐   🇵🇪   🍑   🍇   🔁   🎬   🫛   🦚   🥜   ✏️   🐧     ║═════════════════════╝
╔═ CONVERSATION — #gen║😔   🔈   🎺   ✉️   🏙️   🧜   📰   🙆   📎   😣   🚤   🦸   🔭     ║═════════════════════╗
║                     ║🇨🇻   🇬🇵   🌶️   🔬   👐   😮   🖇️   🧫   🔂   🫑   🧏   📢   🧑‍🦲     ║arch  pins  settings ║
║  the picture I took ║🩺   🖋️   ☮️   🧧   🧖   🦹   🪚   ☂️   🧻   🙊   🗣️   🦸‍♂️   🧔     ║                     ║
║  [image 1024x768 har║🗞️   🚷   🫂   🤺   💬   🏰   🙍   🤾   🤹   🧎   🎭   🧑‍🦰   🫄     ║                     ║
║  Jordan  09:15      ║🧍   🦸‍♀️   ↖️   📂   🤵   👰   🦹‍♂️   ↗️   🇨🇵   👁️‍🗨️   📨   🔏   🧑‍🦱     ║                     ║
║  https://example.inv║🧑‍🦳   🫅   🇸🇹   🤐   🗨️   👳   🦹‍♀️   🚟   👱   📩   🧑‍🍼   💁   ⛹️     ║                     ║
║  │ A page title     ║🏤   🧑‍🤝‍🧑   🫣   🧑‍🦯   🧑‍🦽   🧑‍🦼   💠   🫢                         ║                     ║
║  │ Two sentences of ║                                                      ║                     ║
║  │ second is there s║                                                      ║                     ║
║  Alex  09:20        ║                                                      ║                     ║
║  https://tenor.inval║                                                      ║                     █
║  [gif ▶ a cat, falli║                                                      ║                     █
╚═════════════════════║:pepe:                                                ║═════════════════════╝
╔═ COMPOSE ═══════════╚══════════════ enter insert · ctrl+g GIFs · esc close ╝═════════════════════╗
║                                                                               attach  emoji  gif ║
║                                                                                                  ║
╚══════════════════════════════════════════════════════════════════════════════════════════════════╝
╔═ MEMBERS ════════════════════════════════════════════════════════════════════════════════════════╗
║                                                                                         settings ║
║2 online · 1 idle · 1 offline                                                                     ║
╚══════════════════════════════════════════════════════════════════════════════════════════════════╝
? help  #general · First Guild                                 compose  7 unread · @3  ▲ online  off
