---
source: src/ui/frames.rs
expression: "render(&mut app, 60, 12)"
---
  ╔═ S T A R / C O R D ══════════════════════════════════╗
  ║                                                      ║
  ║ sign in                                              ║
  ║                                                      ║
  ║ 1   scan a code with the phone app                   ║
  ║ 2   paste a token                                    ║
  ║                                                      ║
  ║ q   quit                                             ║
  ║                                                      ║
  ║ scanning is the safer of the two: no                 ║
  ║ password is typed into this terminal.                ║
  ╚══════════════════════════════════════════════════════╝
