---
source: src/ui/frames.rs
expression: "render(&mut app, 100, 30)"
---
╔═ servers ════════════════════════════════════════════════════════════════════════════════════════╗
║                                                                                         settings ║
║• First Guild (2)                                                                                 ║
╚══════════════════════════════════════════════════════════════════════════════════════════════════╝
╔═ channels · First Guild ═════════════════════════════════════════════════════════════════════════╗
║                                                                                         settings ║
║# rules                                                                                           ║
║▾ TEXT CHANNELS                                                                                   ║
║  # general (2)                                                                                   ║
║  > about the deploy                                                                              ║
║  # random                                                                                        ║
║  ! announcements                                                                                 ║
║▾ ARCHIVE                                                                                         ║
║  # old-decisions                                                                                 ║
╚══════════════════════════════════════════════════════════════════════════════════════════════════╝
╔═ chat ═══════════════════════════════════════════════════════════════════════════════════════════╗
║                                                                           search  pins  settings ║
║                                                                                                  ║
║                                         choose a channel                                         ║
║                                                                                                  ║
╚══════════════════════════════════════════════════════════════════════════════════════════════════╝
╔═ compose ════════════════════════════════════════════════════════════════════════════════════════╗
║                                                                               attach  emoji  gif ║
║open a channel to write in it                                                                     ║
╚══════════════════════════════════════════════════════════════════════════════════════════════════╝
╔═ members ════════════════════════════════════════════════════════════════════════════════════════╗
║                                                                                         settings ║
║2 online · 1 idle · 1 offline                                                                     ║
╚══════════════════════════════════════════════════════════════════════════════════════════════════╝
? help                                                            chat  7 unread · @3  ▲ online  off
