---
source: src/ui/login.rs
expression: "screen_text(&s, 100, 30)"
---
                                                                                                    
                                                                                                    
                      ╔═ S T A R / C O R D ══════════════════════════════════╗                      
                      ║                                                      ║                      
                      ║ scan this with the Discord app                       ║                      
                      ║ open Discord on your phone → Settings → Scan QR Code ║                      
                      ║                                                      ║                      
                      ║                                                      ║                      
                      ║                █▀▀▀▀▀█       █▀▀▀▀▀█                 ║                      
                      ║                █ ███ █       █ ███ █                 ║                      
                      ║                █ ▀▀▀ █       █ ▀▀▀ █                 ║                      
                      ║                ▀▀▀▀▀▀▀       ▀▀▀▀▀▀▀                 ║                      
                      ║                █▄ ▀█▄ ▀█▄ ▀█▄ ▀█▄ ▀█                 ║                      
                      ║                 ▀█▄ ▀█▄ ▀█▄ ▀█▄ ▀█▄                  ║                      
                      ║                ▀  ▀▀  ▀▀  ▀▀  ▀▀  ▀▀                 ║                      
                      ║                █▀▀▀▀▀█                               ║                      
                      ║                █ ███ █                               ║                      
                      ║                █ ▀▀▀ █                               ║                      
                      ║                ▀▀▀▀▀▀▀                               ║                      
                      ║                                                      ║                      
                      ║                                                      ║                      
                      ║ scanned by sam                                       ║                      
                      ║ confirm it on the phone                              ║                      
                      ║                                                      ║                      
                      ║ esc  back        r  a new code                       ║                      
                      ║                                                      ║                      
                      ╚══════════════════════════════════════════════════════╝
